// Vitest Snapshot v1, https://vitest.dev/guide/snapshot.html

exports[`Button > matches snapshot for [error] color and [contained] variant 1`] = `
<body>
  
    
  
  


  <div>
    <button
      class="relative micro-interactions isolate inline-flex items-center justify-center gap-x-2 rounded-md font-medium px-[calc(theme(spacing[3.5])-1px)] py-[calc(theme(spacing[2.5])-1px)] sm:px-[calc(theme(spacing.3)-1px)] sm:py-[calc(theme(spacing[1.5])-1px)] focus:outline-none data-focus:outline data-focus:outline-2 data-focus:outline-offset-2 data-focus:outline-primary data-disabled:opacity-50 data-disabled:pointer-events-none data-active:scale-95 h-[var(--ui-height)] text-[var(--trigger-color-contrast)] bg-[var(--trigger-color)] data-active:bg-[var(--trigger-color)]/[85%] data-hover:bg-[var(--trigger-color)]/90 [--trigger-color:theme(colors.error)] [--trigger-color-contrast:theme(colors.white)]"
      data-headlessui-state=""
      type="button"
    >
      <span
        aria-hidden="true"
        class="absolute left-1/2 top-1/2 size-[max(100%,2.75rem)] -translate-x-1/2 -translate-y-1/2 [@media(pointer:fine)]:hidden cursor-pointer"
      />
      error contained
    </button>
  </div>
</body>
`;

exports[`Button > matches snapshot for [error] color and [outlined] variant 1`] = `
<body>
  
    
  
  


  <div>
    <button
      class="relative micro-interactions isolate inline-flex items-center justify-center gap-x-2 rounded-md font-medium px-[calc(theme(spacing[3.5])-1px)] py-[calc(theme(spacing[2.5])-1px)] sm:px-[calc(theme(spacing.3)-1px)] sm:py-[calc(theme(spacing[1.5])-1px)] focus:outline-none data-focus:outline data-focus:outline-2 data-focus:outline-offset-2 data-focus:outline-primary data-disabled:opacity-50 data-disabled:pointer-events-none data-active:scale-95 h-[var(--ui-height)] border !border-[var(--trigger-color)] text-[var(--trigger-color)] bg-transparent data-active:bg-[var(--trigger-color)]/20 data-hover:bg-[var(--trigger-color)]/10 dark:data-active:bg-[var(--trigger-color)]/30 dark:data-hover:bg-[var(--trigger-color)]/25 [--trigger-color:theme(colors.error)] [--trigger-color-contrast:theme(colors.white)]"
      data-headlessui-state=""
      type="button"
    >
      <span
        aria-hidden="true"
        class="absolute left-1/2 top-1/2 size-[max(100%,2.75rem)] -translate-x-1/2 -translate-y-1/2 [@media(pointer:fine)]:hidden cursor-pointer"
      />
      error outlined
    </button>
  </div>
</body>
`;

exports[`Button > matches snapshot for [error] color and [text] variant 1`] = `
<body>
  
    
  
  


  <div>
    <button
      class="relative micro-interactions isolate inline-flex items-center justify-center gap-x-2 rounded-md font-medium px-[calc(theme(spacing[3.5])-1px)] py-[calc(theme(spacing[2.5])-1px)] sm:px-[calc(theme(spacing.3)-1px)] sm:py-[calc(theme(spacing[1.5])-1px)] focus:outline-none data-focus:outline data-focus:outline-2 data-focus:outline-offset-2 data-focus:outline-primary data-disabled:opacity-50 data-disabled:pointer-events-none data-active:scale-95 h-[var(--ui-height)] border-transparent text-[var(--trigger-color)] bg-transparent data-active:bg-[var(--trigger-color)]/20 data-hover:bg-[var(--trigger-color)]/10 dark:data-active:bg-[var(--trigger-color)]/30 dark:data-hover:bg-[var(--trigger-color)]/25 [--trigger-color:theme(colors.error)] [--trigger-color-contrast:theme(colors.white)]"
      data-headlessui-state=""
      type="button"
    >
      <span
        aria-hidden="true"
        class="absolute left-1/2 top-1/2 size-[max(100%,2.75rem)] -translate-x-1/2 -translate-y-1/2 [@media(pointer:fine)]:hidden cursor-pointer"
      />
      error text
    </button>
  </div>
</body>
`;

exports[`Button > matches snapshot for [mono] color and [contained] variant 1`] = `
<body>
  
    
  
  


  <div>
    <button
      class="relative micro-interactions isolate inline-flex items-center justify-center gap-x-2 rounded-md font-medium px-[calc(theme(spacing[3.5])-1px)] py-[calc(theme(spacing[2.5])-1px)] sm:px-[calc(theme(spacing.3)-1px)] sm:py-[calc(theme(spacing[1.5])-1px)] focus:outline-none data-focus:outline data-focus:outline-2 data-focus:outline-offset-2 data-focus:outline-primary data-disabled:opacity-50 data-disabled:pointer-events-none data-active:scale-95 h-[var(--ui-height)] text-[var(--trigger-color-contrast)] bg-[var(--trigger-color)] data-active:bg-[var(--trigger-color)]/[85%] data-hover:bg-[var(--trigger-color)]/90 [--trigger-color:theme(colors.black)] [--trigger-color-contrast:theme(colors.white)] dark:[--trigger-color:theme(colors.white)] dark:[--trigger-color-contrast:theme(colors.black)]"
      data-headlessui-state=""
      type="button"
    >
      <span
        aria-hidden="true"
        class="absolute left-1/2 top-1/2 size-[max(100%,2.75rem)] -translate-x-1/2 -translate-y-1/2 [@media(pointer:fine)]:hidden cursor-pointer"
      />
      mono contained
    </button>
  </div>
</body>
`;

exports[`Button > matches snapshot for [mono] color and [outlined] variant 1`] = `
<body>
  
    
  
  


  <div>
    <button
      class="relative micro-interactions isolate inline-flex items-center justify-center gap-x-2 rounded-md font-medium px-[calc(theme(spacing[3.5])-1px)] py-[calc(theme(spacing[2.5])-1px)] sm:px-[calc(theme(spacing.3)-1px)] sm:py-[calc(theme(spacing[1.5])-1px)] focus:outline-none data-focus:outline data-focus:outline-2 data-focus:outline-offset-2 data-focus:outline-primary data-disabled:opacity-50 data-disabled:pointer-events-none data-active:scale-95 h-[var(--ui-height)] border !border-[var(--trigger-color)] text-[var(--trigger-color)] bg-transparent data-active:bg-[var(--trigger-color)]/20 data-hover:bg-[var(--trigger-color)]/10 dark:data-active:bg-[var(--trigger-color)]/30 dark:data-hover:bg-[var(--trigger-color)]/25 [--trigger-color:theme(colors.black)] [--trigger-color-contrast:theme(colors.white)] dark:[--trigger-color:theme(colors.white)] dark:[--trigger-color-contrast:theme(colors.black)]"
      data-headlessui-state=""
      type="button"
    >
      <span
        aria-hidden="true"
        class="absolute left-1/2 top-1/2 size-[max(100%,2.75rem)] -translate-x-1/2 -translate-y-1/2 [@media(pointer:fine)]:hidden cursor-pointer"
      />
      mono outlined
    </button>
  </div>
</body>
`;

exports[`Button > matches snapshot for [mono] color and [text] variant 1`] = `
<body>
  
    
  
  


  <div>
    <button
      class="relative micro-interactions isolate inline-flex items-center justify-center gap-x-2 rounded-md font-medium px-[calc(theme(spacing[3.5])-1px)] py-[calc(theme(spacing[2.5])-1px)] sm:px-[calc(theme(spacing.3)-1px)] sm:py-[calc(theme(spacing[1.5])-1px)] focus:outline-none data-focus:outline data-focus:outline-2 data-focus:outline-offset-2 data-focus:outline-primary data-disabled:opacity-50 data-disabled:pointer-events-none data-active:scale-95 h-[var(--ui-height)] border-transparent text-[var(--trigger-color)] bg-transparent data-active:bg-[var(--trigger-color)]/20 data-hover:bg-[var(--trigger-color)]/10 dark:data-active:bg-[var(--trigger-color)]/30 dark:data-hover:bg-[var(--trigger-color)]/25 [--trigger-color:theme(colors.black)] [--trigger-color-contrast:theme(colors.white)] dark:[--trigger-color:theme(colors.white)] dark:[--trigger-color-contrast:theme(colors.black)]"
      data-headlessui-state=""
      type="button"
    >
      <span
        aria-hidden="true"
        class="absolute left-1/2 top-1/2 size-[max(100%,2.75rem)] -translate-x-1/2 -translate-y-1/2 [@media(pointer:fine)]:hidden cursor-pointer"
      />
      mono text
    </button>
  </div>
</body>
`;

exports[`Button > matches snapshot for [primary] color and [contained] variant 1`] = `
<body>
  
    
  
  


  <div>
    <button
      class="relative micro-interactions isolate inline-flex items-center justify-center gap-x-2 rounded-md font-medium px-[calc(theme(spacing[3.5])-1px)] py-[calc(theme(spacing[2.5])-1px)] sm:px-[calc(theme(spacing.3)-1px)] sm:py-[calc(theme(spacing[1.5])-1px)] focus:outline-none data-focus:outline data-focus:outline-2 data-focus:outline-offset-2 data-focus:outline-primary data-disabled:opacity-50 data-disabled:pointer-events-none data-active:scale-95 h-[var(--ui-height)] text-[var(--trigger-color-contrast)] bg-[var(--trigger-color)] data-active:bg-[var(--trigger-color)]/[85%] data-hover:bg-[var(--trigger-color)]/90 [--trigger-color:theme(colors.primary)] [--trigger-color-contrast:theme(colors.white)]"
      data-headlessui-state=""
      type="button"
    >
      <span
        aria-hidden="true"
        class="absolute left-1/2 top-1/2 size-[max(100%,2.75rem)] -translate-x-1/2 -translate-y-1/2 [@media(pointer:fine)]:hidden cursor-pointer"
      />
      primary contained
    </button>
  </div>
</body>
`;

exports[`Button > matches snapshot for [primary] color and [outlined] variant 1`] = `
<body>
  
    
  
  


  <div>
    <button
      class="relative micro-interactions isolate inline-flex items-center justify-center gap-x-2 rounded-md font-medium px-[calc(theme(spacing[3.5])-1px)] py-[calc(theme(spacing[2.5])-1px)] sm:px-[calc(theme(spacing.3)-1px)] sm:py-[calc(theme(spacing[1.5])-1px)] focus:outline-none data-focus:outline data-focus:outline-2 data-focus:outline-offset-2 data-focus:outline-primary data-disabled:opacity-50 data-disabled:pointer-events-none data-active:scale-95 h-[var(--ui-height)] border !border-[var(--trigger-color)] text-[var(--trigger-color)] bg-transparent data-active:bg-[var(--trigger-color)]/20 data-hover:bg-[var(--trigger-color)]/10 dark:data-active:bg-[var(--trigger-color)]/30 dark:data-hover:bg-[var(--trigger-color)]/25 [--trigger-color:theme(colors.primary)] [--trigger-color-contrast:theme(colors.white)]"
      data-headlessui-state=""
      type="button"
    >
      <span
        aria-hidden="true"
        class="absolute left-1/2 top-1/2 size-[max(100%,2.75rem)] -translate-x-1/2 -translate-y-1/2 [@media(pointer:fine)]:hidden cursor-pointer"
      />
      primary outlined
    </button>
  </div>
</body>
`;

exports[`Button > matches snapshot for [primary] color and [text] variant 1`] = `
<body>
  
    
  
  


  <div>
    <button
      class="relative micro-interactions isolate inline-flex items-center justify-center gap-x-2 rounded-md font-medium px-[calc(theme(spacing[3.5])-1px)] py-[calc(theme(spacing[2.5])-1px)] sm:px-[calc(theme(spacing.3)-1px)] sm:py-[calc(theme(spacing[1.5])-1px)] focus:outline-none data-focus:outline data-focus:outline-2 data-focus:outline-offset-2 data-focus:outline-primary data-disabled:opacity-50 data-disabled:pointer-events-none data-active:scale-95 h-[var(--ui-height)] border-transparent text-[var(--trigger-color)] bg-transparent data-active:bg-[var(--trigger-color)]/20 data-hover:bg-[var(--trigger-color)]/10 dark:data-active:bg-[var(--trigger-color)]/30 dark:data-hover:bg-[var(--trigger-color)]/25 [--trigger-color:theme(colors.primary)] [--trigger-color-contrast:theme(colors.white)]"
      data-headlessui-state=""
      type="button"
    >
      <span
        aria-hidden="true"
        class="absolute left-1/2 top-1/2 size-[max(100%,2.75rem)] -translate-x-1/2 -translate-y-1/2 [@media(pointer:fine)]:hidden cursor-pointer"
      />
      primary text
    </button>
  </div>
</body>
`;

exports[`Button > matches snapshot for [success] color and [contained] variant 1`] = `
<body>
  
    
  
  


  <div>
    <button
      class="relative micro-interactions isolate inline-flex items-center justify-center gap-x-2 rounded-md font-medium px-[calc(theme(spacing[3.5])-1px)] py-[calc(theme(spacing[2.5])-1px)] sm:px-[calc(theme(spacing.3)-1px)] sm:py-[calc(theme(spacing[1.5])-1px)] focus:outline-none data-focus:outline data-focus:outline-2 data-focus:outline-offset-2 data-focus:outline-primary data-disabled:opacity-50 data-disabled:pointer-events-none data-active:scale-95 h-[var(--ui-height)] text-[var(--trigger-color-contrast)] bg-[var(--trigger-color)] data-active:bg-[var(--trigger-color)]/[85%] data-hover:bg-[var(--trigger-color)]/90 [--trigger-color:theme(colors.success)] [--trigger-color-contrast:theme(colors.white)]"
      data-headlessui-state=""
      type="button"
    >
      <span
        aria-hidden="true"
        class="absolute left-1/2 top-1/2 size-[max(100%,2.75rem)] -translate-x-1/2 -translate-y-1/2 [@media(pointer:fine)]:hidden cursor-pointer"
      />
      success contained
    </button>
  </div>
</body>
`;

exports[`Button > matches snapshot for [success] color and [outlined] variant 1`] = `
<body>
  
    
  
  


  <div>
    <button
      class="relative micro-interactions isolate inline-flex items-center justify-center gap-x-2 rounded-md font-medium px-[calc(theme(spacing[3.5])-1px)] py-[calc(theme(spacing[2.5])-1px)] sm:px-[calc(theme(spacing.3)-1px)] sm:py-[calc(theme(spacing[1.5])-1px)] focus:outline-none data-focus:outline data-focus:outline-2 data-focus:outline-offset-2 data-focus:outline-primary data-disabled:opacity-50 data-disabled:pointer-events-none data-active:scale-95 h-[var(--ui-height)] border !border-[var(--trigger-color)] text-[var(--trigger-color)] bg-transparent data-active:bg-[var(--trigger-color)]/20 data-hover:bg-[var(--trigger-color)]/10 dark:data-active:bg-[var(--trigger-color)]/30 dark:data-hover:bg-[var(--trigger-color)]/25 [--trigger-color:theme(colors.success)] [--trigger-color-contrast:theme(colors.white)]"
      data-headlessui-state=""
      type="button"
    >
      <span
        aria-hidden="true"
        class="absolute left-1/2 top-1/2 size-[max(100%,2.75rem)] -translate-x-1/2 -translate-y-1/2 [@media(pointer:fine)]:hidden cursor-pointer"
      />
      success outlined
    </button>
  </div>
</body>
`;

exports[`Button > matches snapshot for [success] color and [text] variant 1`] = `
<body>
  
    
  
  


  <div>
    <button
      class="relative micro-interactions isolate inline-flex items-center justify-center gap-x-2 rounded-md font-medium px-[calc(theme(spacing[3.5])-1px)] py-[calc(theme(spacing[2.5])-1px)] sm:px-[calc(theme(spacing.3)-1px)] sm:py-[calc(theme(spacing[1.5])-1px)] focus:outline-none data-focus:outline data-focus:outline-2 data-focus:outline-offset-2 data-focus:outline-primary data-disabled:opacity-50 data-disabled:pointer-events-none data-active:scale-95 h-[var(--ui-height)] border-transparent text-[var(--trigger-color)] bg-transparent data-active:bg-[var(--trigger-color)]/20 data-hover:bg-[var(--trigger-color)]/10 dark:data-active:bg-[var(--trigger-color)]/30 dark:data-hover:bg-[var(--trigger-color)]/25 [--trigger-color:theme(colors.success)] [--trigger-color-contrast:theme(colors.white)]"
      data-headlessui-state=""
      type="button"
    >
      <span
        aria-hidden="true"
        class="absolute left-1/2 top-1/2 size-[max(100%,2.75rem)] -translate-x-1/2 -translate-y-1/2 [@media(pointer:fine)]:hidden cursor-pointer"
      />
      success text
    </button>
  </div>
</body>
`;

exports[`Button > matches snapshot for [warning] color and [contained] variant 1`] = `
<body>
  
    
  
  


  <div>
    <button
      class="relative micro-interactions isolate inline-flex items-center justify-center gap-x-2 rounded-md font-medium px-[calc(theme(spacing[3.5])-1px)] py-[calc(theme(spacing[2.5])-1px)] sm:px-[calc(theme(spacing.3)-1px)] sm:py-[calc(theme(spacing[1.5])-1px)] focus:outline-none data-focus:outline data-focus:outline-2 data-focus:outline-offset-2 data-focus:outline-primary data-disabled:opacity-50 data-disabled:pointer-events-none data-active:scale-95 h-[var(--ui-height)] text-[var(--trigger-color-contrast)] bg-[var(--trigger-color)] data-active:bg-[var(--trigger-color)]/[85%] data-hover:bg-[var(--trigger-color)]/90 [--trigger-color:theme(colors.warning)] [--trigger-color-contrast:theme(colors.black)]"
      data-headlessui-state=""
      type="button"
    >
      <span
        aria-hidden="true"
        class="absolute left-1/2 top-1/2 size-[max(100%,2.75rem)] -translate-x-1/2 -translate-y-1/2 [@media(pointer:fine)]:hidden cursor-pointer"
      />
      warning contained
    </button>
  </div>
</body>
`;

exports[`Button > matches snapshot for [warning] color and [outlined] variant 1`] = `
<body>
  
    
  
  


  <div>
    <button
      class="relative micro-interactions isolate inline-flex items-center justify-center gap-x-2 rounded-md font-medium px-[calc(theme(spacing[3.5])-1px)] py-[calc(theme(spacing[2.5])-1px)] sm:px-[calc(theme(spacing.3)-1px)] sm:py-[calc(theme(spacing[1.5])-1px)] focus:outline-none data-focus:outline data-focus:outline-2 data-focus:outline-offset-2 data-focus:outline-primary data-disabled:opacity-50 data-disabled:pointer-events-none data-active:scale-95 h-[var(--ui-height)] border !border-[var(--trigger-color)] text-[var(--trigger-color)] bg-transparent data-active:bg-[var(--trigger-color)]/20 data-hover:bg-[var(--trigger-color)]/10 dark:data-active:bg-[var(--trigger-color)]/30 dark:data-hover:bg-[var(--trigger-color)]/25 [--trigger-color:theme(colors.warning)] [--trigger-color-contrast:theme(colors.black)]"
      data-headlessui-state=""
      type="button"
    >
      <span
        aria-hidden="true"
        class="absolute left-1/2 top-1/2 size-[max(100%,2.75rem)] -translate-x-1/2 -translate-y-1/2 [@media(pointer:fine)]:hidden cursor-pointer"
      />
      warning outlined
    </button>
  </div>
</body>
`;

exports[`Button > matches snapshot for [warning] color and [text] variant 1`] = `
<body>
  
    
  
  


  <div>
    <button
      class="relative micro-interactions isolate inline-flex items-center justify-center gap-x-2 rounded-md font-medium px-[calc(theme(spacing[3.5])-1px)] py-[calc(theme(spacing[2.5])-1px)] sm:px-[calc(theme(spacing.3)-1px)] sm:py-[calc(theme(spacing[1.5])-1px)] focus:outline-none data-focus:outline data-focus:outline-2 data-focus:outline-offset-2 data-focus:outline-primary data-disabled:opacity-50 data-disabled:pointer-events-none data-active:scale-95 h-[var(--ui-height)] border-transparent text-[var(--trigger-color)] bg-transparent data-active:bg-[var(--trigger-color)]/20 data-hover:bg-[var(--trigger-color)]/10 dark:data-active:bg-[var(--trigger-color)]/30 dark:data-hover:bg-[var(--trigger-color)]/25 [--trigger-color:theme(colors.warning)] [--trigger-color-contrast:theme(colors.black)]"
      data-headlessui-state=""
      type="button"
    >
      <span
        aria-hidden="true"
        class="absolute left-1/2 top-1/2 size-[max(100%,2.75rem)] -translate-x-1/2 -translate-y-1/2 [@media(pointer:fine)]:hidden cursor-pointer"
      />
      warning text
    </button>
  </div>
</body>
`;
